
> pinky@0.1.0 build
> next build

   Γû▓ Next.js 15.5.4

   Creating an optimized production build ...
 Γ£ô Compiled successfully in 30.5s
   Skipping linting
   Checking validity of types ...
   Collecting page data ...
   Generating static pages (0/30) ...
node.exe :  Γ¿» useSearchParams() should be wrapped in a suspense boundary at page 
"/admin/pedidos-personalizados". Read more: 
https://nextjs.org/docs/messages/missing-suspense-with-csr-bailout
At line:1 char:1
+ & "C:\Program Files\nodejs/node.exe" "C:\Program Files\nodejs/node_mo ...
+ ~~~~~~~~~~~~~~~~~~~~~~~~~~~~~~~~~~~~~~~~~~~~~~~~~~~~~~~~~~~~~~~~~~~~~
    + CategoryInfo          : NotSpecified: ( Γ¿» useSearchP...ith-csr-bailout:String) [], RemoteException
    + FullyQualifiedErrorId : NativeCommandError
 
    at g (E:\pinky\.next\server\chunks\253.js:17:83151)
    at m (E:\pinky\.next\server\chunks\253.js:43:34706)
    at i (E:\pinky\.next\server\chunks\423.js:1:26891)
    at n3 (E:\pinky\node_modules\next\dist\compiled\next-server\app-page.runtime.prod.js:2:82831)
    at n6 (E:\pinky\node_modules\next\dist\compiled\next-server\app-page.runtime.prod.js:2:84601)
    at n5 (E:\pinky\node_modules\next\dist\compiled\next-server\app-page.runtime.prod.js:2:104801)
    at n7 (E:\pinky\node_modules\next\dist\compiled\next-server\app-page.runtime.prod.js:2:102219)
    at n6 (E:\pinky\node_modules\next\dist\compiled\next-server\app-page.runtime.prod.js:2:101197)
    at n5 (E:\pinky\node_modules\next\dist\compiled\next-server\app-page.runtime.prod.js:2:104801)
    at n7 (E:\pinky\node_modules\next\dist\compiled\next-server\app-page.runtime.prod.js:2:102219)
Error occurred prerendering page "/admin/pedidos-personalizados". Read more: 
https://nextjs.org/docs/messages/prerender-error
Export encountered an error on /admin/pedidos-personalizados/page: /admin/pedidos-personalizados, exiting 
the build.
 Γ¿» Next.js build worker exited with code: 1 and signal: null
